../Core/Src/main.c:80:7:AirQualitySensor_Init	24	static
../Core/Src/main.c:76:5:main	16	static
../Core/Src/main.c:94:5:AirQualitySensor_ReadValue	16	static
../Core/Src/main.c:120:6:AirQualitySensor_PrintLevel	16	static
../Core/Src/main.c:178:6:SystemClock_Config	96	static
../Core/Src/main.c:229:13:MX_ADC1_Init	32	static
../Core/Src/main.c:287:13:MX_USART1_UART_Init	8	static
../Core/Src/main.c:335:13:MX_GPIO_Init	16	static
../Core/Src/main.c:349:5:__io_putchar	16	static
../Core/Src/main.c:360:6:Error_Handler	4	static,ignoring_inline_asm
