../Core/Inc/bh1750.h:26:6:BH1750_Init	32	static
../Core/Inc/bh1750.h:37:7:BH1750_ReadLux	32	static
../Core/Src/main.c:73:5:main	8	static
../Core/Src/main.c:120:6:SystemClock_Config	96	static
../Core/Src/main.c:171:13:MX_I2C1_Init	8	static
../Core/Src/main.c:219:13:MX_USART1_UART_Init	8	static
../Core/Src/main.c:267:13:MX_GPIO_Init	16	static
../Core/Src/main.c:280:5:__io_putchar	16	static
../Core/Src/main.c:285:6:fill_light_buffer	16	static
../Core/Src/main.c:291:6:Log	16	static
../Core/Src/main.c:308:6:Error_Handler	4	static,ignoring_inline_asm
