../Core/Inc/mpu.h:22:6:MPU6050_Init	32	static
../Core/Inc/mpu.h:31:6:MPU6050_Read_Accel	40	static
../Core/Inc/mpu.h:52:6:MPU6050_Read_Gyro	40	static
../Core/Src/main.c:78:5:main	16	static
../Core/Src/main.c:135:6:SystemClock_Config	96	static
../Core/Src/main.c:185:13:MX_I2C1_Init	8	static
../Core/Src/main.c:233:13:MX_USART2_UART_Init	8	static
../Core/Src/main.c:268:13:MX_GPIO_Init	48	static
../Core/Src/main.c:301:6:fill_mpu_buffer	16	static
../Core/Src/main.c:310:6:Train	16	static
../Core/Src/main.c:325:6:Inference	8	static
../Core/Src/main.c:334:5:__io_putchar	16	static
../Core/Src/main.c:344:6:Error_Handler	4	static,ignoring_inline_asm
