../Core/Src/main.c:87:5:main	8	static
../Core/Src/main.c:145:6:SystemClock_Config	96	static
../Core/Src/main.c:196:13:MX_ADC1_Init	32	static
../Core/Src/main.c:254:13:MX_SPI3_Init	8	static
../Core/Src/main.c:294:13:MX_USART1_UART_Init	8	static
../Core/Src/main.c:342:13:MX_GPIO_Init	40	static
../Core/Src/main.c:383:6:wifi_init	8	static
../Core/Src/main.c:424:6:HAL_GPIO_EXTI_Callback	16	static
../Core/Src/main.c:429:13:mqtt_init	24	static
../Core/Src/main.c:449:13:mqtt_publish	64	static
../Core/Src/main.c:469:6:Error_Handler	4	static,ignoring_inline_asm
