../Core/Src/main.c:71:6:HAL_ADC_ConvCpltCallback	16	static
../Core/Src/main.c:91:5:main	8	static
../Core/Src/main.c:139:6:SystemClock_Config	96	static
../Core/Src/main.c:189:13:MX_ADC1_Init	48	static
../Core/Src/main.c:256:13:MX_TIM2_Init	40	static
../Core/Src/main.c:301:13:MX_USART2_UART_Init	8	static
../Core/Src/main.c:336:13:MX_GPIO_Init	48	static
../Core/Src/main.c:369:5:__io_putchar	16	static
../Core/Src/main.c:374:6:fill_mic_buffer	16	static
../Core/Src/main.c:385:6:Log	16	static
../Core/Src/main.c:401:6:Error_Handler	4	static,ignoring_inline_asm
